acer@DESKTOP-N6361PR MINGW64 ~/Desktop/UNPAS
$ git clone https://github.com/dedenurdiyanto13/git-remote-test.git
Cloning into 'git-remote-test'...
remote: Enumerating objects: 3, done.
remote: Counting objects: 100% (3/3), done.
remote: Total 3 (delta 0), reused 0 (delta 0), pack-reused 0
Receiving objects: 100% (3/3), done.

acer@DESKTOP-N6361PR MINGW64 ~/Desktop/UNPAS
$ ls
'Git & Github'/   git-remote-test/   test-git/   test-git-2/   test-git-branch/

acer@DESKTOP-N6361PR MINGW64 ~/Desktop/UNPAS
$ cd git-remote-test

acer@DESKTOP-N6361PR MINGW64 ~/Desktop/UNPAS/git-remote-test (main)
$ code .

acer@DESKTOP-N6361PR MINGW64 ~/Desktop/UNPAS/git-remote-test (main)
$ git remote
origin

acer@DESKTOP-N6361PR MINGW64 ~/Desktop/UNPAS/git-remote-test (main)
$ git remote -v
origin  https://github.com/dedenurdiyanto13/git-remote-test.git (fetch)
origin  https://github.com/dedenurdiyanto13/git-remote-test.git (push)

acer@DESKTOP-N6361PR MINGW64 ~/Desktop/UNPAS/git-remote-test (main)
$ git status
On branch main
Your branch is up to date with 'origin/main'.

nothing to commit, working tree clean

acer@DESKTOP-N6361PR MINGW64 ~/Desktop/UNPAS/git-remote-test (main)
$ alias graph="git log --all --decorate --oneline --graph"

acer@DESKTOP-N6361PR MINGW64 ~/Desktop/UNPAS/git-remote-test (main)
$ graph
* dcac29b (HEAD -> main, origin/main, origin/HEAD) Initial commit

acer@DESKTOP-N6361PR MINGW64 ~/Desktop/UNPAS/git-remote-test (main)
$ git status
On branch main
Your branch is up to date with 'origin/main'.

Untracked files:
  (use "git add <file>..." to include in what will be committed)
        index.html

nothing added to commit but untracked files present (use "git add" to track)

acer@DESKTOP-N6361PR MINGW64 ~/Desktop/UNPAS/git-remote-test (main)
$ git add .

acer@DESKTOP-N6361PR MINGW64 ~/Desktop/UNPAS/git-remote-test (main)
$ git commit -m "menambahkan file index.html"
[main 3e57093] menambahkan file index.html
 1 file changed, 12 insertions(+)
 create mode 100644 index.html

acer@DESKTOP-N6361PR MINGW64 ~/Desktop/UNPAS/git-remote-test (main)
$ git status
On branch main
Your branch is ahead of 'origin/main' by 1 commit.
  (use "git push" to publish your local commits)

nothing to commit, working tree clean

acer@DESKTOP-N6361PR MINGW64 ~/Desktop/UNPAS/git-remote-test (main)
$ graph
* 3e57093 (HEAD -> main) menambahkan file index.html
* dcac29b (origin/main, origin/HEAD) Initial commit

acer@DESKTOP-N6361PR MINGW64 ~/Desktop/UNPAS/git-remote-test (main)
$ git push
Enumerating objects: 4, done.
Counting objects: 100% (4/4), done.
Delta compression using up to 4 threads
Compressing objects: 100% (3/3), done.
Writing objects: 100% (3/3), 492 bytes | 164.00 KiB/s, done.
Total 3 (delta 0), reused 0 (delta 0), pack-reused 0
To https://github.com/dedenurdiyanto13/git-remote-test.git
   dcac29b..3e57093  main -> main

acer@DESKTOP-N6361PR MINGW64 ~/Desktop/UNPAS/git-remote-test (main)
$ git status
On branch main
Your branch is up to date with 'origin/main'.

nothing to commit, working tree clean

acer@DESKTOP-N6361PR MINGW64 ~/Desktop/UNPAS/git-remote-test (main)
$ graph
* 3e57093 (HEAD -> main, origin/main, origin/HEAD) menambahkan file index.html
* dcac29b Initial commit

acer@DESKTOP-N6361PR MINGW64 ~/Desktop/UNPAS/git-remote-test (main)
$ git config --list
diff.astextplain.textconv=astextplain
filter.lfs.clean=git-lfs clean -- %f
filter.lfs.smudge=git-lfs smudge -- %f
filter.lfs.process=git-lfs filter-process
filter.lfs.required=true
http.sslbackend=openssl
http.sslcainfo=C:/Program Files/Git/mingw64/ssl/certs/ca-bundle.crt
core.autocrlf=true
core.fscache=true
core.symlinks=false
pull.rebase=false
credential.helper=manager-core
credential.https://dev.azure.com.usehttppath=true
init.defaultbranch=master
core.editor="C:\Users\acer\AppData\Local\Programs\Microsoft VS Code\Code.exe" --wait
core.autocrlf=true
user.name=dedenurdiyanto13
user.email=dedenurdiyanto13@gmail.com
core.repositoryformatversion=0
core.filemode=false
core.bare=false
core.logallrefupdates=true

acer@DESKTOP-N6361PR MINGW64 ~/Desktop/UNPAS/git-remote-test (main)
$ git config --global user.name "dedenurdiyanto13"

acer@DESKTOP-N6361PR MINGW64 ~/Desktop/UNPAS/git-remote-test (main)
$ git config --global user.email "dedenurdiyanto13@gmail.com"

acer@DESKTOP-N6361PR MINGW64 ~/Desktop/UNPAS/git-remote-test (main)
$ git status
On branch main
Your branch is up to date with 'origin/main'.

Changes not staged for commit:
  (use "git add <file>..." to update what will be committed)
  (use "git restore <file>..." to discard changes in working directory)
        modified:   index.html

no changes added to commit (use "git add" and/or "git commit -a")

acer@DESKTOP-N6361PR MINGW64 ~/Desktop/UNPAS/git-remote-test (main)
$ git commit -am "menambahkan paragraf"
[main 283fc62] menambahkan paragraf
 1 file changed, 1 insertion(+)

acer@DESKTOP-N6361PR MINGW64 ~/Desktop/UNPAS/git-remote-test (main)
$ graph
* 283fc62 (HEAD -> main) menambahkan paragraf
* 3e57093 (origin/main, origin/HEAD) menambahkan file index.html
* dcac29b Initial commit

acer@DESKTOP-N6361PR MINGW64 ~/Desktop/UNPAS/git-remote-test (main)
$ git push
Enumerating objects: 5, done.
Counting objects: 100% (5/5), done.
Delta compression using up to 4 threads
Compressing objects: 100% (3/3), done.
Writing objects: 100% (3/3), 392 bytes | 392.00 KiB/s, done.
Total 3 (delta 1), reused 0 (delta 0), pack-reused 0
remote: Resolving deltas: 100% (1/1), completed with 1 local object.
To https://github.com/dedenurdiyanto13/git-remote-test.git
   3e57093..283fc62  main -> main

acer@DESKTOP-N6361PR MINGW64 ~/Desktop/UNPAS/git-remote-test (main)
$ git status
On branch main
Your branch is up to date with 'origin/main'.

nothing to commit, working tree clean
-----------------------------------------------------------------------------------------------------------------------
acer@DESKTOP-N6361PR MINGW64 ~/Desktop/UNPAS
$ ls
'Git & Github'/   git-remote-test/   test-git/   test-git-2/   test-git-branch/

acer@DESKTOP-N6361PR MINGW64 ~/Desktop/UNPAS
$ mkdir git-remote-test-2

acer@DESKTOP-N6361PR MINGW64 ~/Desktop/UNPAS
$ ls
'Git & Github'/     git-remote-test-2/   test-git-2/
 git-remote-test/   test-git/            test-git-branch/

acer@DESKTOP-N6361PR MINGW64 ~/Desktop/UNPAS
$ cd git-remote-test-2

acer@DESKTOP-N6361PR MINGW64 ~/Desktop/UNPAS/git-remote-test-2
$ git init
Initialized empty Git repository in C:/Users/acer/Desktop/UNPAS/git-remote-test-2/.git/

acer@DESKTOP-N6361PR MINGW64 ~/Desktop/UNPAS/git-remote-test-2 (master)
$ code .

acer@DESKTOP-N6361PR MINGW64 ~/Desktop/UNPAS/git-remote-test-2 (master)
$ ls
index.php

acer@DESKTOP-N6361PR MINGW64 ~/Desktop/UNPAS/git-remote-test-2 (master)
$ git status
On branch master

No commits yet

Untracked files:
  (use "git add <file>..." to include in what will be committed)
        index.php

nothing added to commit but untracked files present (use "git add" to track)

acer@DESKTOP-N6361PR MINGW64 ~/Desktop/UNPAS/git-remote-test-2 (master)
$ git add .

acer@DESKTOP-N6361PR MINGW64 ~/Desktop/UNPAS/git-remote-test-2 (master)
$ git commit -m "menambahkan file index.php"
[master (root-commit) d3fdcff] menambahkan file index.php
 1 file changed, 12 insertions(+)
 create mode 100644 index.php

acer@DESKTOP-N6361PR MINGW64 ~/Desktop/UNPAS/git-remote-test-2 (master)
$ graph
* d3fdcff (HEAD -> master) menambahkan file index.php

acer@DESKTOP-N6361PR MINGW64 ~/Desktop/UNPAS/git-remote-test-2 (master)
$ git commit -am "menambahkan paragraf"
[master 6d1dd99] menambahkan paragraf
 1 file changed, 1 insertion(+)

acer@DESKTOP-N6361PR MINGW64 ~/Desktop/UNPAS/git-remote-test-2 (master)
$ graph
* 6d1dd99 (HEAD -> master) menambahkan paragraf
* d3fdcff menambahkan file index.php

acer@DESKTOP-N6361PR MINGW64 ~/Desktop/UNPAS/git-remote-test-2 (master)
$ git remote

acer@DESKTOP-N6361PR MINGW64 ~/Desktop/UNPAS/git-remote-test-2 (master)
$ git remote add origin https://github.com/dedenurdiyanto13/git-remote-test-2.git
acer@DESKTOP-N6361PR MINGW64 ~/Desktop/UNPAS/git-remote-test-2 (master)
$ git remote
origin

acer@DESKTOP-N6361PR MINGW64 ~/Desktop/UNPAS/git-remote-test-2 (master)
$ git remote -v
origin  https://github.com/dedenurdiyanto13/git-remote-test-2.git (fetch)
origin  https://github.com/dedenurdiyanto13/git-remote-test-2.git (push)

acer@DESKTOP-N6361PR MINGW64 ~/Desktop/UNPAS/git-remote-test-2 (master)
$ git branch -M main

acer@DESKTOP-N6361PR MINGW64 ~/Desktop/UNPAS/git-remote-test-2 (main)
$ git push -u origin main
Enumerating objects: 6, done.
Counting objects: 100% (6/6), done.
Delta compression using up to 4 threads
Compressing objects: 100% (4/4), done.
Writing objects: 100% (6/6), 706 bytes | 41.00 KiB/s, done.
Total 6 (delta 1), reused 0 (delta 0), pack-reused 0
remote: Resolving deltas: 100% (1/1), done.
To https://github.com/dedenurdiyanto13/git-remote-test-2.git
 * [new branch]      main -> main
Branch 'main' set up to track remote branch 'main' from 'origin'.

acer@DESKTOP-N6361PR MINGW64 ~/Desktop/UNPAS/git-remote-test-2 (main)
$ git commit -am "menambahkan list"
[main 564518b] menambahkan list
 1 file changed, 4 insertions(+)

acer@DESKTOP-N6361PR MINGW64 ~/Desktop/UNPAS/git-remote-test-2 (main)
$ graph
* 564518b (HEAD -> main) menambahkan list
* 6d1dd99 (origin/main) menambahkan paragraf
* d3fdcff menambahkan file index.php

acer@DESKTOP-N6361PR MINGW64 ~/Desktop/UNPAS/git-remote-test-2 (main)
$ git push
Enumerating objects: 5, done.
Counting objects: 100% (5/5), done.
Delta compression using up to 4 threads
Compressing objects: 100% (2/2), done.
Writing objects: 100% (3/3), 321 bytes | 160.00 KiB/s, done.
Total 3 (delta 1), reused 0 (delta 0), pack-reused 0
remote: Resolving deltas: 100% (1/1), completed with 1 local object.
To https://github.com/dedenurdiyanto13/git-remote-test-2.git
   6d1dd99..564518b  main -> main

acer@DESKTOP-N6361PR MINGW64 ~/Desktop/UNPAS/git-remote-test-2 (main)
$ graph
* 564518b (HEAD -> main, origin/main) menambahkan list
* 6d1dd99 menambahkan paragraf
* d3fdcff menambahkan file index.php

acer@DESKTOP-N6361PR MINGW64 ~/Desktop/UNPAS/git-remote-test-2 (main)
$ git add .

acer@DESKTOP-N6361PR MINGW64 ~/Desktop/UNPAS/git-remote-test-2 (main)
$ git commit -m "menambahkan file style.css"
[main 3b0b077] menambahkan file style.css
 1 file changed, 3 insertions(+)
 create mode 100644 style.css

acer@DESKTOP-N6361PR MINGW64 ~/Desktop/UNPAS/git-remote-test-2 (main)
$ git push
To https://github.com/dedenurdiyanto13/git-remote-test-2.git
 ! [rejected]        main -> main (fetch first)
error: failed to push some refs to 'https://github.com/dedenurdiyanto13/git-remote-test-2.git'
hint: Updates were rejected because the remote contains work that you do
hint: not have locally. This is usually caused by another repository pushing
hint: to the same ref. You may want to first integrate the remote changes
hint: (e.g., 'git pull ...') before pushing again.
hint: See the 'Note about fast-forwards' in 'git push --help' for details.

acer@DESKTOP-N6361PR MINGW64 ~/Desktop/UNPAS/git-remote-test-2 (main)
$ git status
On branch main
Your branch is ahead of 'origin/main' by 1 commit.
  (use "git push" to publish your local commits)

nothing to commit, working tree clean

acer@DESKTOP-N6361PR MINGW64 ~/Desktop/UNPAS/git-remote-test-2 (main)
$ git fetch
remote: Enumerating objects: 4, done.
remote: Counting objects: 100% (4/4), done.
remote: Compressing objects: 100% (3/3), done.
remote: Total 3 (delta 0), reused 0 (delta 0), pack-reused 0
Unpacking objects: 100% (3/3), 717 bytes | 1024 bytes/s, done.
From https://github.com/dedenurdiyanto13/git-remote-test-2
   564518b..2a4e74f  main       -> origin/main

acer@DESKTOP-N6361PR MINGW64 ~/Desktop/UNPAS/git-remote-test-2 (main)
$ git status
On branch main
Your branch and 'origin/main' have diverged,
and have 1 and 1 different commits each, respectively.
  (use "git pull" to merge the remote branch into yours)

nothing to commit, working tree clean

acer@DESKTOP-N6361PR MINGW64 ~/Desktop/UNPAS/git-remote-test-2 (main)
$ graph
* 3b0b077 (HEAD -> main) menambahkan file style.css
| * 2a4e74f (origin/main) menambahkan file style.css
|/
* 564518b menambahkan list
* 6d1dd99 menambahkan paragraf
* d3fdcff menambahkan file index.php

acer@DESKTOP-N6361PR MINGW64 ~/Desktop/UNPAS/git-remote-test-2 (main)
$ git pull
CONFLICT (add/add): Merge conflict in style.css
Auto-merging style.css
Automatic merge failed; fix conflicts and then commit the result.

acer@DESKTOP-N6361PR MINGW64 ~/Desktop/UNPAS/git-remote-test-2 (main|MERGING)
$ git status
On branch main
Your branch and 'origin/main' have diverged,
and have 1 and 1 different commits each, respectively.
  (use "git pull" to merge the remote branch into yours)

You have unmerged paths.
  (fix conflicts and run "git commit")
  (use "git merge --abort" to abort the merge)

Unmerged paths:
  (use "git add <file>..." to mark resolution)
        both added:      style.css

no changes added to commit (use "git add" and/or "git commit -a")

acer@DESKTOP-N6361PR MINGW64 ~/Desktop/UNPAS/git-remote-test-2 (main|MERGING)
$ git add .

acer@DESKTOP-N6361PR MINGW64 ~/Desktop/UNPAS/git-remote-test-2 (main|MERGING)
$ git commit -m "mengubah isi file style.css"
[main 0849f36] mengubah isi file style.css

acer@DESKTOP-N6361PR MINGW64 ~/Desktop/UNPAS/git-remote-test-2 (main)
$ git status
On branch main
Your branch is ahead of 'origin/main' by 2 commits.
  (use "git push" to publish your local commits)

nothing to commit, working tree clean

acer@DESKTOP-N6361PR MINGW64 ~/Desktop/UNPAS/git-remote-test-2 (main)
$ git push
Enumerating objects: 9, done.
Counting objects: 100% (9/9), done.
Delta compression using up to 4 threads
Compressing objects: 100% (6/6), done.
Writing objects: 100% (6/6), 677 bytes | 169.00 KiB/s, done.
Total 6 (delta 0), reused 0 (delta 0), pack-reused 0
To https://github.com/dedenurdiyanto13/git-remote-test-2.git
   2a4e74f..0849f36  main -> main

acer@DESKTOP-N6361PR MINGW64 ~/Desktop/UNPAS/git-remote-test-2 (main)
$ graph
*   0849f36 (HEAD -> main, origin/main) mengubah isi file style.css
|\
| * 2a4e74f menambahkan file style.css
* | 3b0b077 menambahkan file style.css
|/
* 564518b menambahkan list
* 6d1dd99 menambahkan paragraf
* d3fdcff menambahkan file index.php

acer@DESKTOP-N6361PR MINGW64 ~/Desktop/UNPAS/git-remote-test-2 (main)
$






